// Jest Snapshot v1, https://goo.gl/fbAQLP

exports[`should render SearchWeather correctly 1`] = `
<div
  className="ui segment"
>
  <h2>
    Input city to get air quality
  </h2>
  <p>
    Access air quality from the following cities:
  </p>
  <ul>
    <li
      key="Ghaziabad"
    >
      Ghaziabad
    </li>
    <li
      key="Noida"
    >
      Noida
    </li>
    <li
      key="Delhi"
    >
      Delhi
    </li>
    <li
      key="Lucknow"
    >
      Lucknow
    </li>
    <li
      key="Gurugram"
    >
      Gurugram
    </li>
    <li
      key="Faridabad"
    >
      Faridabad
    </li>
    <li
      key="Varanasi"
    >
      Varanasi
    </li>
    <li
      key="Kanpur"
    >
      Kanpur
    </li>
    <li
      key="Patna"
    >
      Patna
    </li>
    <li
      key="Muzaffarpur"
    >
      Muzaffarpur
    </li>
    <li
      key="Mandi Gobindgarh"
    >
      Mandi Gobindgarh
    </li>
    <li
      key="Ludhiana"
    >
      Ludhiana
    </li>
    <li
      key="Jodhpur"
    >
      Jodhpur
    </li>
    <li
      key="Amritsar"
    >
      Amritsar
    </li>
    <li
      key="Ahmedabad"
    >
      Ahmedabad
    </li>
    <li
      key="Panchkula"
    >
      Panchkula
    </li>
    <li
      key="Gaya"
    >
      Gaya
    </li>
    <li
      key="Nagpur"
    >
      Nagpur
    </li>
    <li
      key="Vijaywada"
    >
      Vijaywada
    </li>
    <li
      key="Chandrapur"
    >
      Chandrapur
    </li>
    <li
      key="Chennai"
    >
      Chennai
    </li>
    <li
      key="Bhiwadi"
    >
      Bhiwadi
    </li>
    <li
      key="Mumbai"
    >
      Mumbai
    </li>
    <li
      key="Nashik"
    >
      Nashik
    </li>
    <li
      key="Thane"
    >
      Thane
    </li>
    <li
      key="Aurangabad"
    >
      Aurangabad
    </li>
    <li
      key="Hyderabad"
    >
      Hyderabad
    </li>
    <li
      key="Visakhapatnam"
    >
      Visakhapatnam
    </li>
    <li
      key="Rajamahandevaram"
    >
      Rajamahandevaram
    </li>
    <li
      key="Chittoor"
    >
      Chittoor
    </li>
    <li
      key="Bangalore
    "
    >
      Bangalore
      
    </li>
    <li
      key="Trivandrum"
    >
      Trivandrum
    </li>
  </ul>
  <form
    className="ui form"
    onSubmit={[Function]}
  >
    <div
      className="field"
    >
      <label>
        City
      </label>
      <input
        name="search1"
        onChange={[Function]}
        required={true}
        type="text"
        value="Delhi"
      />
      <button
        className="ui grey basic button"
      >
        Access Air Quality
      </button>
    </div>
  </form>
</div>
`;
